// Jest Snapshot v1, https://goo.gl/fbAQLP

exports[`Certificate Badge component should render component and match snapshot 1`] = `
<badgecontainer>
    <div class="iso2"></div>
    <div class="tuev"></div>
    <div class="iso9"></div>
</badgecontainer>
`;
