// Jest Snapshot v1, https://goo.gl/fbAQLP

exports[`Popup component should render component and match snapshot 1`] = `<dialogue visible="visible" dark="true"></dialogue>`;
