// Jest Snapshot v1, https://goo.gl/fbAQLP

exports[`Dark Layer should render component and match snapshot 1`] = `undefined`;
