// Jest Snapshot v1, https://goo.gl/fbAQLP

exports[`Dialogue component should render component and match snapshot 1`] = `
<flex justify="center" align="center" class="fk-dialogue fk-dialogue--dark v-enter fk-dialogue__animation-in">
    <section class="fk-dialogue__frame">
        <a class="fk-dialogue__close">
            <icon icon="close-light" color="orange"></icon>
        </a>
        <couponpopup lang="de" title="Hiergeblieben!" text="Smartfrog schenkt dir den ersten Monat!" codetext="Gutscheincode:" code="FREE1" btntext="Jetzt einlÃ¶sen" notext="Jetzt nicht"></couponpopup>
    </section>
</flex>
`;
