// Jest Snapshot v1, https://goo.gl/fbAQLP

exports[`Example component should render component and match snapshot 1`] = `<button dark="" fab="" fixed="" bottom="" right="" class="btn"><span>tada</span></button>`;
