// Jest Snapshot v1, https://goo.gl/fbAQLP

exports[`Foot Note component should render component and match snapshot 1`] = `<section class="foot-note"></section>`;
