// Jest Snapshot v1, https://goo.gl/fbAQLP

exports[`Input component should render component and match snapshot 1`] = `<form></form>`;
