// Jest Snapshot v1, https://goo.gl/fbAQLP

exports[`Input component should disable decrease button 1`] = `<div class="fk-number-input"><button color="secondary" disabled="disabled" class="fk-number-input__button--small"><icon icon="minus" size="small"></icon></button> <input type="number" value="1" class="fk-number-input__input--small"> <button color="secondary" class="fk-number-input__button--small"><icon icon="plus" size="small"></icon></button></div>`;

exports[`Input component should disable increase button 1`] = `<div class="fk-number-input"><button color="secondary" class="fk-number-input__button--small"><icon icon="minus" size="small"></icon></button> <input type="number" value="5" class="fk-number-input__input--small"> <button color="secondary" disabled="disabled" class="fk-number-input__button--small"><icon icon="plus" size="small"></icon></button></div>`;

exports[`Input component should render big input 1`] = `<div class="fk-number-input"><button color="secondary" disabled="disabled" class="fk-number-input__button--big"><icon icon="minus" size="big"></icon></button> <input type="number" value="1" class="fk-number-input__input--big"> <button color="secondary" class="fk-number-input__button--big"><icon icon="plus" size="big"></icon></button></div>`;

exports[`Input component should render component and match snapshot 1`] = `<div class="fk-number-input"><button color="secondary" disabled="disabled" class="fk-number-input__button--small"><icon icon="minus" size="small"></icon></button> <input type="number" value="1" class="fk-number-input__input--small"> <button color="secondary" class="fk-number-input__button--small"><icon icon="plus" size="small"></icon></button></div>`;

exports[`Input component should render small input 1`] = `<div class="fk-number-input"><button color="secondary" disabled="disabled" class="fk-number-input__button--small"><icon icon="minus" size="small"></icon></button> <input type="number" value="1" class="fk-number-input__input--small"> <button color="secondary" class="fk-number-input__button--small"><icon icon="plus" size="small"></icon></button></div>`;
