// Jest Snapshot v1, https://goo.gl/fbAQLP

exports[`Product Bundle component should render component and match snapshot 1`] = `
<flex align="center" column="" class="fk-product-bundle fk-product-bundle__container">
    <title size="xs" color="primary" center="" class="fk-product-bundle__title">Kamera-Paket</title>
    <!---->
    <bundlerecap small="true" bundle="[object Object],[object Object],[object Object]"></bundlerecap>
    <div class="fk-product-bundle__features">
        <div class="fk-product-bundle__features__highlited">
            <div class="fk-product-bundle__features__container">
                <ticktext bold="" color="white" placeholder="Live-Video rund um die Uhr" class="fk-product-bundle__feature-item">
                    <!---->
                </ticktext>
                <ticktext bold="" color="white" placeholder="Video-Speicherung" class="fk-product-bundle__feature-item">
                    <p>der jeweils letzten 4 Stunden</p>
                </ticktext>
            </div>
        </div>
        <div class="fk-product-bundle__features__container">
            <ticktext placeholder="Kein Abo" class="fk-product-bundle__feature-item"></ticktext>
            <ticktext placeholder="Keine Einrichtungskosten" class="fk-product-bundle__feature-item"></ticktext>
            <ticktext placeholder="Zzgl. Versandkosten" class="fk-product-bundle__feature-item"></ticktext>
        </div>
    </div>
    <flex align="center" column="" class="fk-product-bundle__info"><a href="#" class="m-b-10">Mehr Details</a>
        <p class="m-b-15">
            <pricetag value="5.95" code="EUR" class="fk-product-bundle__price">
                <p slot="prefix" class="fk-product-bundle__price__prefix">nur</p>
                <p slot="suffix" class="fk-product-bundle__price__suffix">einmalg
                    <!---->
                </p>
            </pricetag>
        </p> <button color="secondary" size="big" block="" class="fk-product-bundle__action">Jetzt kaufen</button></flex>
</flex>
`;
