// Jest Snapshot v1, https://goo.gl/fbAQLP

exports[`Radio button component should render checked radio button 1`] = `<label class="fk-radio"><input type="radio"> </label>`;

exports[`Radio button component should render component and match snapshot 1`] = `<label class="fk-radio"><input type="radio"> </label>`;

exports[`Radio button component should render disabled radio button 1`] = `<label class="fk-radio fk-radio--disabled"><input type="radio" disabled="disabled"> </label>`;
