// Jest Snapshot v1, https://goo.gl/fbAQLP

exports[`Social Sharing Icons component Should render component and match snapshot 1`] = `<div></div>`;
